// Jest Snapshot v1, https://goo.gl/fbAQLP

exports[`La view de Home Ejercicio 1 1) Renderiza 1`] = `
<DocumentFragment>
  <div
    class="demo"
  >
    <ul>
      <li>
        <h5>
          Samsung
        </h5>
        <a
          href="https://www.mercadolibre.com.ar/samsung-galaxy-m12-5000-mah-dual-sim-128-gb-black-4-gb-ram/p/MLA18192280"
        >
          <img
            alt="Samsung"
            class=""
            decoding="async"
            src="http://http2.mlstatic.com/D_838903-MLA46771080799_072021-I.jpg"
          />
        </a>
      </li>
    </ul>
  </div>
</DocumentFragment>
`;
